// Jest Snapshot v1, https://goo.gl/fbAQLP

exports[`Footer Snapshot Comprobar la UI del componente Footer 1`] = `
<div
  className="Footer"
>
  <div
    className="SocialNetwork"
  >
    <ul>
      <li>
        <i
          className="fa fa-twitter"
        />
      </li>
      <li>
        <i
          className="fa fa-facebook"
        />
      </li>
      <li>
        <i
          className="fa fa-whatsapp"
        />
      </li>
      <li>
        <i
          className="fa fa-youtube"
        />
      </li>
    </ul>
  </div>
  <small>
    Â© 2012 Todos los derechos reservados
  </small>
</div>
`;
