// Jest Snapshot v1, https://goo.gl/fbAQLP

exports[`Header Snapshot Comprobar la UI del componente Header 1`] = `
<div
  className="Header-container"
>
  <div
    className="Header-title"
  >
    <h1>
      Ejercicio Web
    </h1>
    <h2>
      PÃ¡gina creada con HTML5
    </h2>
  </div>
  <div
    className="Navbar"
  >
    <ul>
      <li
        className="Active button"
        id="home"
        onClick={[Function]}
      >
        Home
      </li>
      <li
        className="button"
        id="about"
        onClick={[Function]}
      >
        Acerca de
      </li>
      <li
        className="button"
        id="portfolio"
        onClick={[Function]}
      >
        Portfolio
      </li>
      <li
        className="button"
        id="blog"
        onClick={[Function]}
      >
        Blog
      </li>
      <li
        className="button"
        id="contact"
        onClick={[Function]}
      >
        Contacto
      </li>
    </ul>
  </div>
</div>
`;
